Warning : IP non trouvée
Warning : logName non trouvé
Warning : authenticatedUser non trouvé
Warning : date non trouvée
Warning : horaire non trouvé
Warning : fuseau non trouvé
Warning : type non trouvé
Warning : cible non trouvée
Warning : version http non trouvée
Warning : code http non trouvé
Warning : quantité de données http non trouvée
Warning : referer non trouvé
Warning : client non trouvé
