Warning : only hits between 0h and 1h have been taken into account
/SiteWebIF/Intranet-etudiant.php (5 hits)
/temps/3IF37.html (2 hits)
/temps/3IF1.ics (2 hits)
/temps/ (2 hits)
/ (2 hits)
/temps/index.html (1 hits)
/temps/GL.ics (1 hits)
/temps/4IF4.ics (1 hits)
/temps/4IF3.ics (1 hits)
/temps/3IF44.html (1 hits)