/SiteWebIF/Intranet-etudiant.php (5 hits)
/temps/suivant.gif (2 hits)
/temps/style_emploi_du_temps.css (2 hits)
/temps/precedent.gif (2 hits)
/temps/choix.gif (2 hits)
/temps/FondInsa.jpg (2 hits)
/temps/3IF37.html (2 hits)
/temps/3IF1.ics (2 hits)
/temps/ (2 hits)
/favicon.ico (2 hits)
Erreur dans le nom du fichier .dot
